// Jest Snapshot v1, https://goo.gl/fbAQLP

exports[`Auth is render correctly 1`] = `
<div
  class="auth"
>
  <div
    class="container container--fluid"
  >
    <div
      class="row"
    >
      <div
        class="col col-12"
      >
        <div
          class="row align-center justify-center"
        >
          <div
            class="col-md-4 col"
          >
            <div
              class="auth-form v-card v-sheet theme--light"
            >
              <div
                class="icon color-bg-icon elevation-4 green"
              >
                <div
                  class="v-list-item__icon"
                >
                  <i
                    aria-hidden="true"
                    class="v-icon notranslate mdi mdi-account-plus theme--light"
                  />
                </div>
              </div>
               
              <p
                class="text-left form-title font-weight-light"
              >
                Registration
              </p>
               
              <form
                class="v-form"
                novalidate="novalidate"
              >
                <div
                  class="v-input theme--light v-text-field"
                >
                  <div
                    class="v-input__control"
                  >
                    <div
                      class="v-input__slot"
                    >
                      <div
                        class="v-text-field__slot"
                      >
                        <label
                          class="v-label theme--light"
                          for="input-13"
                          style="right: 0px; position: absolute;"
                        >
                          Name
                        </label>
                        <input
                          id="input-13"
                          required="required"
                          type="text"
                        />
                      </div>
                    </div>
                    <div
                      class="v-text-field__details"
                    >
                      <div
                        class="v-messages theme--light"
                      >
                        <transition-group-stub
                          class="v-messages__wrapper"
                          name="message-transition"
                          tag="div"
                        />
                      </div>
                    </div>
                  </div>
                </div>
                 
                <div
                  class="v-input theme--light v-text-field"
                >
                  <div
                    class="v-input__control"
                  >
                    <div
                      class="v-input__slot"
                    >
                      <div
                        class="v-text-field__slot"
                      >
                        <label
                          class="v-label theme--light"
                          for="input-16"
                          style="right: 0px; position: absolute;"
                        >
                          E-mail
                        </label>
                        <input
                          id="input-16"
                          required="required"
                          type="text"
                        />
                      </div>
                    </div>
                    <div
                      class="v-text-field__details"
                    >
                      <div
                        class="v-messages theme--light"
                      >
                        <transition-group-stub
                          class="v-messages__wrapper"
                          name="message-transition"
                          tag="div"
                        />
                      </div>
                    </div>
                  </div>
                </div>
                 
                <div
                  class="v-input theme--light v-text-field"
                >
                  <div
                    class="v-input__control"
                  >
                    <div
                      class="v-input__slot"
                    >
                      <div
                        class="v-text-field__slot"
                      >
                        <label
                          class="v-label theme--light"
                          for="input-19"
                          style="right: 0px; position: absolute;"
                        >
                          Password
                        </label>
                        <input
                          id="input-19"
                          required="required"
                          type="text"
                        />
                      </div>
                    </div>
                    <div
                      class="v-text-field__details"
                    >
                      <div
                        class="v-messages theme--light"
                      >
                        <transition-group-stub
                          class="v-messages__wrapper"
                          name="message-transition"
                          tag="div"
                        />
                      </div>
                    </div>
                  </div>
                </div>
                 
                <div
                  class="v-input theme--light v-input--selection-controls v-input--checkbox"
                >
                  <div
                    class="v-input__control"
                  >
                    <div
                      class="v-input__slot"
                    >
                      <div
                        class="v-input--selection-controls__input"
                      >
                        <i
                          aria-hidden="true"
                          class="v-icon notranslate material-icons theme--light"
                        >
                          $checkboxOff
                        </i>
                        <input
                          aria-checked="false"
                          id="input-22"
                          required="required"
                          role="checkbox"
                          type="checkbox"
                          value=""
                        />
                        <div
                          class="v-input--selection-controls__ripple"
                        />
                      </div>
                      <label
                        class="v-label theme--light"
                        for="input-22"
                        style="left: 0px; position: relative;"
                      >
                        Do you agree?
                      </label>
                    </div>
                    <div
                      class="v-messages theme--light"
                    >
                      <transition-group-stub
                        class="v-messages__wrapper"
                        name="message-transition"
                        tag="div"
                      />
                    </div>
                  </div>
                </div>
                 
                <button
                  class="mr-4 v-btn v-btn--contained theme--light v-size--default success"
                  type="submit"
                >
                  <span
                    class="v-btn__content"
                  >
                    
                Send
            
                  </span>
                </button>
              </form>
            </div>
             
            <button
              class="change-forms v-btn v-btn--flat v-btn--text theme--light v-size--default primary--text"
              type="button"
            >
              <span
                class="v-btn__content"
              >
                Login
              </span>
            </button>
          </div>
        </div>
      </div>
    </div>
  </div>
</div>
`;
